python : Creating test 
database for alias 
'default'...
At line:1 char:1
+ python manage.py 
test core.tests_auth co
re.tests_devotee_auth 
> test_ ...
+ ~~~~~~~~~~~~~~~~~~~~~
~~~~~~~~~~~~~~~~~~~~~~~
~~~~~~~~~~~~~~~~~~~~~~~
~~
    + CategoryInfo     
         : NotSpecifi  
  ed: (Creating test   
  d...as 'default'.    
..:String) [], Rem    
oteException
    + FullyQualifiedEr 
   rorId : NativeComm  
  andError
 

Found 14 test(s).
System check 
identified some issues:

WARNINGS:
?: (ckeditor.W001) 
django-ckeditor 
bundles CKEditor 
4.22.1 which isn't 
supported anymore and 
which does have 
unfixed security 
issues, see for 
example https://ckedito
r.com/cke4/release/CKEd
itor-4.24.0-LTS . You 
should consider 
strongly switching to 
a different editor 
(maybe CKEditor 5 
respectively 
django-ckeditor-5 
after checking whether 
the CKEditor 5 license 
terms work for you) or 
switch to the non-free 
CKEditor 4 LTS 
package. See https://ck
editor.com/ckeditor-4-s
upport/ for more on 
this. (Note! This 
notice has been added 
by the django-ckeditor 
developers and we are 
not affiliated with 
CKSource and were not 
involved in the 
licensing change, so 
please refrain from 
complaining to us. 
Thanks.)

System check 
identified 1 issue (0 
silenced).
E.F..F....FF.F
=======================
=======================
=======================
=
ERROR: test_priest_edit
_profile_success (core.
tests_auth.PriestAuthTe
st.test_priest_edit_pro
file_success)
-----------------------
-----------------------
-----------------------
-
Traceback (most recent 
call last):
  File "C:\Python313\Li
b\site-packages\django\
template\base.py", 
line 510, in parse
    compile_func = 
self.tags[command]
                   
~~~~~~~~~^^^^^^^^^
KeyError: 'endif'

During handling of the 
above exception, 
another exception 
occurred:

Traceback (most recent 
call last):
  File "C:\Users\91703\
Downloads\karya13\core\
tests_auth.py", line 
107, in test_priest_edi
t_profile_success
    response = self.cli
ent.post(self.edit_url,
 {
        'fullname': 
'New Name',
    ...<5 lines>...
        'services': 
['santana-gopala-homa']
    })
  File "C:\Python313\Li
b\site-packages\django\
test\client.py", line 
1158, in post
    response = 
super().post(
        path,
    ...<5 lines>...
        **extra,
    )
  File "C:\Python313\Li
b\site-packages\django\
test\client.py", line 
503, in post
    return 
self.generic(
           
~~~~~~~~~~~~^
        "POST",
        ^^^^^^^
    ...<6 lines>...
        **extra,
        ^^^^^^^^
    )
    ^
  File "C:\Python313\Li
b\site-packages\django\
test\client.py", line 
676, in generic
    return 
self.request(**r)
           
~~~~~~~~~~~~^^^^^
  File "C:\Python313\Li
b\site-packages\django\
test\client.py", line 
1092, in request
    self.check_exceptio
n(response)
    ~~~~~~~~~~~~~~~~~~~
~^^^^^^^^^^
  File "C:\Python313\Li
b\site-packages\django\
test\client.py", line 
805, in check_exception
    raise exc_value
  File "C:\Python313\Li
b\site-packages\django\
core\handlers\exception
.py", line 55, in inner
    response = 
get_response(request)
  File "C:\Python313\Li
b\site-packages\django\
core\handlers\base.py",
 line 197, in 
_get_response
    response = wrapped_
callback(request, 
*callback_args, 
**callback_kwargs)
  File "C:\Python313\Li
b\site-packages\django\
contrib\auth\decorators
.py", line 60, in 
_view_wrapper
    return 
view_func(request, 
*args, **kwargs)
  File "C:\Users\91703\
Downloads\karya13\core\
views.py", line 2229, 
in purohit_edit_profile
    return 
render(request, 'pages/
purohit_edit_profile.ht
ml', {
        'form': form,
        'profile': 
profile,
        'services': Puj
a.objects.filter(is_act
ive=True).order_by('dis
play_order', 'title')
    })
  File "C:\Python313\Li
b\site-packages\django\
shortcuts.py", line 
25, in render
    content = loader.re
nder_to_string(template
_name, context, 
request, using=using)
  File "C:\Python313\Li
b\site-packages\django\
template\loader.py", 
line 61, in 
render_to_string
    template = get_temp
late(template_name, 
using=using)
  File "C:\Python313\Li
b\site-packages\django\
template\loader.py", 
line 15, in 
get_template
    return engine.get_t
emplate(template_name)
           ~~~~~~~~~~~~
~~~~~~~^^^^^^^^^^^^^^^
  File "C:\Python313\Li
b\site-packages\django\
template\backends\djang
o.py", line 79, in 
get_template
    return Template(sel
f.engine.get_template(t
emplate_name), self)
                    ~~~
~~~~~~~~~~~~~~~~~~~~~^^
^^^^^^^^^^^^^
  File "C:\Python313\Li
b\site-packages\django\
template\engine.py", 
line 177, in 
get_template
    template, origin = 
self.find_template(temp
late_name)
                       
~~~~~~~~~~~~~~~~~~^^^^^
^^^^^^^^^^
  File "C:\Python313\Li
b\site-packages\django\
template\engine.py", 
line 159, in 
find_template
    template = loader.g
et_template(name, 
skip=skip)
  File "C:\Python313\Li
b\site-packages\django\
template\loaders\cached
.py", line 57, in 
get_template
    template = super().
get_template(template_n
ame, skip)
  File "C:\Python313\Li
b\site-packages\django\
template\loaders\base.p
y", line 28, in 
get_template
    return Template(
        contents,
    ...<2 lines>...
        self.engine,
    )
  File "C:\Python313\Li
b\site-packages\django\
template\base.py", 
line 154, in __init__
    self.nodelist = 
self.compile_nodelist()
                    
~~~~~~~~~~~~~~~~~~~~~^^
  File "C:\Python313\Li
b\site-packages\django\
template\base.py", 
line 196, in 
compile_nodelist
    nodelist = 
parser.parse()
  File "C:\Python313\Li
b\site-packages\django\
template\base.py", 
line 518, in parse
    raise 
self.error(token, e)
  File "C:\Python313\Li
b\site-packages\django\
template\base.py", 
line 516, in parse
    compiled_result = 
compile_func(self, 
token)
  File "C:\Python313\Li
b\site-packages\django\
template\loader_tags.py
", line 295, in 
do_extends
    nodelist = 
parser.parse()
  File "C:\Python313\Li
b\site-packages\django\
template\base.py", 
line 518, in parse
    raise 
self.error(token, e)
  File "C:\Python313\Li
b\site-packages\django\
template\base.py", 
line 516, in parse
    compiled_result = 
compile_func(self, 
token)
  File "C:\Python313\Li
b\site-packages\django\
template\loader_tags.py
", line 234, in 
do_block
    nodelist = parser.p
arse(("endblock",))
  File "C:\Python313\Li
b\site-packages\django\
template\base.py", 
line 512, in parse
    self.invalid_block_
tag(token, command, 
parse_until)
    ~~~~~~~~~~~~~~~~~~~
~~~^^^^^^^^^^^^^^^^^^^^
^^^^^^^^^
  File "C:\Python313\Li
b\site-packages\django\
template\base.py", 
line 563, in 
invalid_block_tag
    raise self.error(
    ...<8 lines>...
    )
django.template.excepti
ons.TemplateSyntaxError
: Invalid block tag on 
line 559: 'endif', 
expected 'endblock'. 
Did you forget to 
register or load this 
tag?

=======================
=======================
=======================
=
FAIL: test_priest_login
_success (core.tests_au
th.PriestAuthTest.test_
priest_login_success)
-----------------------
-----------------------
-----------------------
-
Traceback (most recent 
call last):
  File "C:\Users\91703\
Downloads\karya13\core\
tests_auth.py", line 
72, in test_priest_logi
n_success
    self.assertEqual(re
sponse.status_code, 
302)
    ~~~~~~~~~~~~~~~~^^^
^^^^^^^^^^^^^^^^^^^^^^^
^
AssertionError: 200 != 
302

=======================
=======================
=======================
=
FAIL: test_priest_regis
tration_success (core.t
ests_auth.PriestAuthTes
t.test_priest_registrat
ion_success)
-----------------------
-----------------------
-----------------------
-
Traceback (most recent 
call last):
  File "C:\Users\91703\
Downloads\karya13\core\
tests_auth.py", line 
32, in test_priest_regi
stration_success
    self.assertEqual(re
sponse.status_code, 
302)
    ~~~~~~~~~~~~~~~~^^^
^^^^^^^^^^^^^^^^^^^^^^^
^
AssertionError: 200 != 
302

=======================
=======================
=======================
=
FAIL: test_devotee_forg
ot_password_flow (core.
tests_devotee_auth.Devo
teeAuthTest.test_devote
e_forgot_password_flow)
-----------------------
-----------------------
-----------------------
-
Traceback (most recent 
call last):
  File "C:\Users\91703\
Downloads\karya13\core\
tests_devotee_auth.py",
 line 59, in test_devot
ee_forgot_password_flow
    self.assertEqual(re
sponse.status_code, 
302)
    ~~~~~~~~~~~~~~~~^^^
^^^^^^^^^^^^^^^^^^^^^^^
^
AssertionError: 200 != 
302

=======================
=======================
=======================
=
FAIL: test_devotee_logi
n_success (core.tests_d
evotee_auth.DevoteeAuth
Test.test_devotee_login
_success)
-----------------------
-----------------------
-----------------------
-
Traceback (most recent 
call last):
  File "C:\Users\91703\
Downloads\karya13\core\
tests_devotee_auth.py",
 line 49, in test_devot
ee_login_success
    self.assertEqual(re
sponse.status_code, 
302)
    ~~~~~~~~~~~~~~~~^^^
^^^^^^^^^^^^^^^^^^^^^^^
^
AssertionError: 200 != 
302

=======================
=======================
=======================
=
FAIL: test_devotee_regi
stration_success (core.
tests_devotee_auth.Devo
teeAuthTest.test_devote
e_registration_success)
-----------------------
-----------------------
-----------------------
-
Traceback (most recent 
call last):
  File "C:\Users\91703\
Downloads\karya13\core\
tests_devotee_auth.py",
 line 25, in test_devot
ee_registration_success
    self.assertEqual(re
sponse.status_code, 
302)
    ~~~~~~~~~~~~~~~~^^^
^^^^^^^^^^^^^^^^^^^^^^^
^
AssertionError: 200 != 
302

-----------------------
-----------------------
-----------------------
-
Ran 14 tests in 17.052s

FAILED (failures=5, 
errors=1)
Destroying test 
database for alias 
'default'...

============================================
DEBUG OTP for priest@example.com: 922020
============================================
